core_cm7.h:2229:22:SCB_EnableICache	4	static,ignoring_inline_asm
core_cm7.h:2281:22:SCB_EnableDCache	24	static,ignoring_inline_asm
main.c:136:5:main	344	static
main.c:300:6:SystemClock_Config	216	static
main.c:383:13:MX_ADC3_Init	24	static
main.c:433:13:MX_CRC_Init	8	static
main.c:464:13:MX_DCMI_Init	8	static
main.c:501:13:MX_DMA2D_Init	8	static
main.c:538:13:MX_ETH_Init	8	static
main.c:585:13:MX_I2C1_Init	8	static
main.c:631:13:MX_I2C3_Init	8	static
main.c:677:13:MX_LTDC_Init	64	static
main.c:739:13:MX_QUADSPI_Init	8	static
main.c:774:13:MX_RTC_Init	80	static
main.c:866:13:MX_SAI2_Init	8	static
main.c:941:13:MX_SDMMC1_SD_Init	4	static
main.c:969:13:MX_SPDIFRX_Init	8	static
main.c:1005:13:MX_TIM1_Init	112	static
main.c:1085:13:MX_TIM2_Init	64	static
main.c:1144:13:MX_TIM3_Init	64	static
main.c:1203:13:MX_TIM5_Init	64	static
main.c:1262:13:MX_TIM8_Init	40	static
main.c:1309:13:MX_TIM12_Init	40	static
main.c:1351:13:MX_USART1_UART_Init	8	static
main.c:1386:13:MX_USART6_UART_Init	8	static
main.c:1417:13:MX_FMC_Init	40	static
main.c:1468:13:MX_GPIO_Init	72	static
main.c:1632:6:LED_On	8	static
main.c:1637:6:LED_Off	8	static
main.c:1642:6:LED_Toggle	8	static
main.c:1653:6:Error_Handler	4	static,ignoring_inline_asm
