disco_lcd.c:73:6:LCD_Init	8	static
disco_lcd.c:101:6:LCD_DisplayOn	8	static
disco_lcd.c:113:6:LCD_DisplayOff	8	static
disco_lcd.c:127:6:LCD_SetTransparency	16	static
disco_lcd.c:139:6:LCD_SetTransparency_NoReload	16	static
disco_lcd.c:154:6:LCD_SetLayerWindow	24	static
disco_lcd.c:172:6:LCD_SetLayerWindow_NoReload	24	static
disco_lcd.c:189:6:LCD_SetColorKeying	16	static
disco_lcd.c:202:6:LCD_SetColorKeying_NoReload	16	static
disco_lcd.c:214:6:LCD_ResetColorKeying	16	static
disco_lcd.c:225:6:LCD_ResetColorKeying_NoReload	16	static
disco_lcd.c:238:6:LCD_Reload	16	static
disco_lcd.c:249:6:LCD_SetStrokeColor	16	static
disco_lcd.c:261:6:LCD_SetFillColor	16	static
disco_lcd.c:274:6:LCD_SetBackColor	16	static
disco_lcd.c:289:6:LCD_SetFont	16	static
disco_lcd.c:303:10:LCD_ReadPixel	16	static
disco_lcd.c:320:6:LCD_DrawPixel	16	static
disco_lcd.c:327:6:LCD_DrawPixel_Color	16	static
disco_lcd.c:340:6:LCD_FillPixel	16	static
disco_lcd.c:352:6:LCD_ErasePixel	16	static
disco_lcd.c:362:6:LCD_Clear	16	static
disco_lcd.c:373:6:LCD_ClearStringAtLine	24	static
disco_lcd.c:392:6:LCD_DrawChar	24	static
disco_lcd.c:410:6:LCD_DrawString	40	static
disco_lcd.c:471:6:LCD_DrawStringAtLine	24	static
disco_lcd.c:483:6:LCD_DrawHLine	24	static
disco_lcd.c:489:6:LCD_EraseHLine	24	static
disco_lcd.c:498:13:DrawHLine	32	static
disco_lcd.c:510:6:LCD_DrawVLine	24	static
disco_lcd.c:516:6:LCD_EraseVLine	24	static
disco_lcd.c:531:6:LCD_DrawLine	32	static
disco_lcd.c:536:6:LCD_EraseLine	32	static
disco_lcd.c:547:13:DrawLine	48	static
disco_lcd.c:625:6:LCD_DrawRect	32	static
disco_lcd.c:646:6:LCD_DrawCircle	32	static
disco_lcd.c:694:6:LCD_DrawPolygon	40	static
disco_lcd.c:724:6:LCD_DrawEllipse	56	static
disco_lcd.c:762:6:LCD_DrawBitmap	48	static
disco_lcd.c:825:6:LCD_FillRect	40	static
disco_lcd.c:841:6:LCD_FillCircle	32	static
disco_lcd.c:887:6:LCD_FillPolygon	64	static
disco_lcd.c:957:6:LCD_FillEllipse	56	static
disco_lcd.c:998:13:DrawChar	56	static
disco_lcd.c:1059:13:FillTriangle	64	static
disco_lcd.c:1140:13:LL_FillBuffer	32	static
disco_lcd.c:1177:13:LL_ConvertLineToARGB8888	32	static
disco_lcd.c:1219:17:ARGB888ToRGB565	32	static
