core_cm7.h:2229:22:SCB_EnableICache	4	static,ignoring_inline_asm
core_cm7.h:2281:22:SCB_EnableDCache	24	static,ignoring_inline_asm
main.c:140:5:main	1472	static
main.c:304:6:SystemClock_Config	216	static
main.c:387:13:MX_ADC3_Init	24	static
main.c:437:13:MX_CRC_Init	8	static
main.c:468:13:MX_DCMI_Init	8	static
main.c:505:13:MX_DMA2D_Init	8	static
main.c:542:13:MX_ETH_Init	8	static
main.c:589:13:MX_I2C1_Init	8	static
main.c:635:13:MX_I2C3_Init	8	static
main.c:681:13:MX_LTDC_Init	64	static
main.c:743:13:MX_QUADSPI_Init	8	static
main.c:778:13:MX_RTC_Init	80	static
main.c:870:13:MX_SAI2_Init	8	static
main.c:945:13:MX_SDMMC1_SD_Init	4	static
main.c:973:13:MX_SPDIFRX_Init	8	static
main.c:1009:13:MX_TIM1_Init	112	static
main.c:1089:13:MX_TIM2_Init	64	static
main.c:1148:13:MX_TIM3_Init	64	static
main.c:1207:13:MX_TIM5_Init	64	static
main.c:1266:13:MX_TIM8_Init	40	static
main.c:1313:13:MX_TIM12_Init	24	static
main.c:1351:13:MX_USART1_UART_Init	8	static
main.c:1386:13:MX_USART6_UART_Init	8	static
main.c:1417:13:MX_FMC_Init	40	static
main.c:1468:13:MX_GPIO_Init	72	static
main.c:1632:6:LED_On	8	static
main.c:1637:6:LED_Off	8	static
main.c:1642:6:LED_Toggle	8	static
main.c:1653:6:Error_Handler	4	static,ignoring_inline_asm
