core_cm7.h:2229:22:SCB_EnableICache	4	static,ignoring_inline_asm
core_cm7.h:2281:22:SCB_EnableDCache	24	static,ignoring_inline_asm
main.c:137:5:main	336	static
main.c:299:6:SystemClock_Config	216	static
main.c:382:13:MX_ADC3_Init	24	static
main.c:432:13:MX_CRC_Init	8	static
main.c:463:13:MX_DCMI_Init	8	static
main.c:500:13:MX_DMA2D_Init	8	static
main.c:537:13:MX_ETH_Init	8	static
main.c:584:13:MX_I2C1_Init	8	static
main.c:630:13:MX_I2C3_Init	8	static
main.c:676:13:MX_LTDC_Init	64	static
main.c:738:13:MX_QUADSPI_Init	8	static
main.c:773:13:MX_RTC_Init	80	static
main.c:865:13:MX_SAI2_Init	8	static
main.c:940:13:MX_SDMMC1_SD_Init	4	static
main.c:968:13:MX_SPDIFRX_Init	8	static
main.c:1004:13:MX_TIM1_Init	112	static
main.c:1084:13:MX_TIM2_Init	64	static
main.c:1143:13:MX_TIM3_Init	64	static
main.c:1202:13:MX_TIM5_Init	64	static
main.c:1261:13:MX_TIM8_Init	40	static
main.c:1308:13:MX_TIM12_Init	24	static
main.c:1346:13:MX_USART1_UART_Init	8	static
main.c:1381:13:MX_USART6_UART_Init	8	static
main.c:1412:13:MX_FMC_Init	40	static
main.c:1463:13:MX_GPIO_Init	72	static
main.c:1627:6:LED_On	8	static
main.c:1632:6:LED_Off	8	static
main.c:1637:6:LED_Toggle	8	static
main.c:1648:6:Error_Handler	4	static,ignoring_inline_asm
